// Jest Snapshot v1, https://goo.gl/fbAQLP

exports[`The <Input /> component Should render input correctly 1`] = `
<DocumentFragment>
  <div
    class="Input"
  >
    <label>
      First Name
    </label>
    <div>
      <input
        class=""
        name="firstName"
        placeholder="Enter first name"
        type="text"
      />
    </div>
  </div>
</DocumentFragment>
`;
